
There are no discarded input sections

Memory Configuration

Name             Origin             Length             Attributes
FLASH            0x08000000         0x00010000         xr
SRAM             0x20000000         0x00005000         xrw
*default*        0x00000000         0xffffffff

Linker script and memory map

LOAD ./obj/main.o
LOAD ./obj/stm32f103_startscrtch.o
LOAD ./obj/Drivers/GPIO.o
LOAD ./obj/Drivers/SPI.o
LOAD ./obj/Drivers/UART.o
                0x20005000                        _estack = (ORIGIN (SRAM) + LENGTH (SRAM))

.text           0x08000000      0x3a0
                0x08000000                        . = ALIGN (0x4)
 *(.isr_vector)
 .isr_vector    0x08000000       0xec ./obj/stm32f103_startscrtch.o
                0x08000000                vector_tbl
 *(.text)
 .text          0x080000ec       0xac ./obj/main.o
                0x080000ec                Enable_1S_TIMER
                0x08000128                delayS
                0x08000170                main
 .text          0x08000198       0x8c ./obj/stm32f103_startscrtch.o
                0x08000198                EXTI2_IRQHandler
                0x08000198                DebugMon_Handler
                0x08000198                TIM1_CC_IRQHandler
                0x08000198                HardFault_Handler
                0x08000198                SysTick_Handler
                0x08000198                PVD_IRQHandler
                0x08000198                PendSV_Handler
                0x08000198                NMI_Handler
                0x08000198                EXTI3_IRQHandler
                0x08000198                EXTI0_IRQHandler
                0x08000198                I2C2_EV_IRQHandler
                0x08000198                UsageFault_Handler
                0x08000198                ADC1_2_IRQHandler
                0x08000198                SPI1_IRQHandler
                0x08000198                TAMPER_IRQHandler
                0x08000198                DMA1_Channel4_IRQHandler
                0x08000198                USART3_IRQHandler
                0x08000198                RTC_IRQHandler
                0x08000198                DMA1_Channel7_IRQHandler
                0x08000198                CAN1_RX1_IRQHandler
                0x08000198                TIM4_IRQHandler
                0x08000198                I2C1_EV_IRQHandler
                0x08000198                DMA1_Channel6_IRQHandler
                0x08000198                TIM3_IRQHandler
                0x08000198                RCC_IRQHandler
                0x08000198                TIM1_TRG_COM_IRQHandler
                0x08000198                DMA1_Channel1_IRQHandler
                0x08000198                Default_Handler
                0x08000198                EXTI15_10_IRQHandler
                0x08000198                EXTI9_5_IRQHandler
                0x08000198                SPI2_IRQHandler
                0x08000198                MemManage_Handler
                0x08000198                SVC_Handler
                0x08000198                DMA1_Channel5_IRQHandler
                0x08000198                EXTI4_IRQHandler
                0x08000198                USB_LP_CAN1_RX0_IRQHandler
                0x08000198                USB_HP_CAN1_TX_IRQHandler
                0x08000198                DMA1_Channel3_IRQHandler
                0x08000198                TIM1_UP_IRQHandler
                0x08000198                WWDG_IRQHandler
                0x08000198                TIM2_IRQHandler
                0x08000198                TIM1_BRK_IRQHandler
                0x08000198                EXTI1_IRQHandler
                0x08000198                RTCAlarm_IRQHandler
                0x08000198                USART2_IRQHandler
                0x08000198                I2C2_ER_IRQHandler
                0x08000198                DMA1_Channel2_IRQHandler
                0x08000198                CAN1_SCE_IRQHandler
                0x08000198                FLASH_IRQHandler
                0x08000198                BusFault_Handler
                0x08000198                USART1_IRQHandler
                0x08000198                I2C1_ER_IRQHandler
                0x08000198                USBWakeUp_IRQHandler
                0x0800019e                Reset_Handler
 .text          0x08000224       0x68 ./obj/Drivers/GPIO.o
                0x08000224                EnableGPIO13
                0x0800025c                DEBUG_LED_ON
                0x08000274                DEBUG_LED_OFF
 .text          0x0800028c      0x114 ./obj/Drivers/SPI.o
                0x0800028c                SPI1_CLOCK_EN
                0x080002a8                SPI1_PORT_EN
                0x080002d4                SPI1_CONFIG
                0x08000324                SPI1_SEND_BYTE
                0x0800036c                SPI1_RECEIVE_BYTE
 .text          0x080003a0        0x0 ./obj/Drivers/UART.o
 *(.text*)
 *(.rodata)
 *(.rodata*)
                0x080003a0                        . = ALIGN (0x4)
                0x080003a0                        _etext = .
                0x080003a0                        _sidata = LOADADDR (.data)

.glue_7         0x080003a0        0x0
 .glue_7        0x080003a0        0x0 linker stubs

.glue_7t        0x080003a0        0x0
 .glue_7t       0x080003a0        0x0 linker stubs

.vfp11_veneer   0x080003a0        0x0
 .vfp11_veneer  0x080003a0        0x0 linker stubs

.v4_bx          0x080003a0        0x0
 .v4_bx         0x080003a0        0x0 linker stubs

.iplt           0x080003a0        0x0
 .iplt          0x080003a0        0x0 ./obj/main.o

.rel.dyn        0x080003a0        0x0
 .rel.iplt      0x080003a0        0x0 ./obj/main.o

.data           0x20000000        0x0 load address 0x080003a0
                0x20000000                        . = ALIGN (0x4)
                0x20000000                        _sdata = .
 *(.data)
 .data          0x20000000        0x0 ./obj/main.o
 .data          0x20000000        0x0 ./obj/stm32f103_startscrtch.o
 .data          0x20000000        0x0 ./obj/Drivers/GPIO.o
 .data          0x20000000        0x0 ./obj/Drivers/SPI.o
 .data          0x20000000        0x0 ./obj/Drivers/UART.o
 *(.data*)
                0x20000000                        . = ALIGN (0x4)
                0x20000000                        _edata = .

.igot.plt       0x20000000        0x0 load address 0x080003a0
 .igot.plt      0x20000000        0x0 ./obj/main.o

.bss            0x20000000        0x0 load address 0x080003a0
                0x20000000                        . = ALIGN (0x4)
                0x20000000                        _sbss = .
 *(.bss)
 .bss           0x20000000        0x0 ./obj/main.o
 .bss           0x20000000        0x0 ./obj/stm32f103_startscrtch.o
 .bss           0x20000000        0x0 ./obj/Drivers/GPIO.o
 .bss           0x20000000        0x0 ./obj/Drivers/SPI.o
 .bss           0x20000000        0x0 ./obj/Drivers/UART.o
 *(.bss*)
 *(COMMON)
                0x20000000                        . = ALIGN (0x4)
                0x20000000                        _ebss = .
OUTPUT(run.elf elf32-littlearm)
LOAD linker stubs

.comment        0x00000000       0x45
 .comment       0x00000000       0x45 ./obj/main.o
                                 0x46 (size before relaxing)
 .comment       0x00000045        0x0 ./obj/stm32f103_startscrtch.o
                                 0x46 (size before relaxing)
 .comment       0x00000045        0x0 ./obj/Drivers/GPIO.o
                                 0x46 (size before relaxing)
 .comment       0x00000045        0x0 ./obj/Drivers/SPI.o
                                 0x46 (size before relaxing)
 .comment       0x00000045        0x0 ./obj/Drivers/UART.o
                                 0x46 (size before relaxing)

.ARM.attributes
                0x00000000       0x2d
 .ARM.attributes
                0x00000000       0x2d ./obj/main.o
 .ARM.attributes
                0x0000002d       0x2d ./obj/stm32f103_startscrtch.o
 .ARM.attributes
                0x0000005a       0x2d ./obj/Drivers/GPIO.o
 .ARM.attributes
                0x00000087       0x2d ./obj/Drivers/SPI.o
 .ARM.attributes
                0x000000b4       0x2d ./obj/Drivers/UART.o
